[html.designingmedia.com/yogastic/index.html]
[backblue.gif]
[fade.gif]
[index.html]
[html.designingmedia.com/yogastic/assets/images/favicon/apple-icon-57x57.png]
[html.designingmedia.com/yogastic/assets/images/favicon/apple-icon-60x60.png]
[html.designingmedia.com/yogastic/assets/images/favicon/apple-icon-72x72.png]
[html.designingmedia.com/yogastic/assets/images/favicon/apple-icon-76x76.png]
[html.designingmedia.com/yogastic/assets/images/favicon/apple-icon-114x114.png]
[html.designingmedia.com/yogastic/assets/images/favicon/apple-icon-120x120.png]
[html.designingmedia.com/yogastic/assets/images/favicon/apple-icon-144x144.png]
[html.designingmedia.com/yogastic/assets/images/favicon/apple-icon-152x152.png]
[html.designingmedia.com/yogastic/assets/images/favicon/apple-icon-180x180.png]
[html.designingmedia.com/yogastic/assets/images/favicon/android-icon-192x192.png]
[html.designingmedia.com/yogastic/assets/images/favicon/favicon-32x32.png]
[html.designingmedia.com/yogastic/assets/images/favicon/favicon-96x96.png]
[html.designingmedia.com/yogastic/assets/images/favicon/favicon-16x16.png]
[html.designingmedia.com/yogastic/assets/images/favicon/manifest.json]
[html.designingmedia.com/yogastic/assets/js/bootstrap.min.js]
[cdnjs.cloudflare.com/ajax/libs/font-awesome/6.1.1/css/all.min.css]
[unpkg.com/aos@2.3.1/dist/aos.css]
[cdnjs.cloudflare.com/ajax/libs/magnific-popup.js/1.1.0/magnific-popup.css]
[html.designingmedia.com/yogastic/assets/images/yogastic_logo.png]
[html.designingmedia.com/yogastic/about.html]
[html.designingmedia.com/yogastic/services.html]
[html.designingmedia.com/yogastic/pricing.html]
[html.designingmedia.com/yogastic/faq.html]
[html.designingmedia.com/yogastic/team.html]
[html.designingmedia.com/yogastic/single-post.html]
[html.designingmedia.com/yogastic/infinite-scroll.html]
[html.designingmedia.com/yogastic/load-more.html]
[html.designingmedia.com/yogastic/one-column.html]
[html.designingmedia.com/yogastic/two-column.html]
[html.designingmedia.com/yogastic/three-column.html]
[html.designingmedia.com/yogastic/three-colum-sidbar.html]
[html.designingmedia.com/yogastic/four-column.html]
[html.designingmedia.com/yogastic/six-column.html]
[html.designingmedia.com/yogastic/contact.html]
[html.designingmedia.com/yogastic/assets/images/banner_right_image.png]
[html.designingmedia.com/yogastic/assets/images/banner_left_top_shape.png]
[html.designingmedia.com/yogastic/assets/images/banner_left_bottom_shape.png]
[html.designingmedia.com/yogastic/assets/images/banner_right_top_shape.png]
[html.designingmedia.com/yogastic/assets/images/banner_right_bottom_shape.png]
[html.designingmedia.com/yogastic/assets/images/services_img_1.png]
[html.designingmedia.com/yogastic/assets/images/services_img_2.png]
[html.designingmedia.com/yogastic/assets/images/services_img_3.png]
[html.designingmedia.com/yogastic/assets/images/services_img_4.png]
[html.designingmedia.com/yogastic/assets/images/services_left_shape.png]
[html.designingmedia.com/yogastic/assets/images/aboutus_image.png]
[html.designingmedia.com/yogastic/assets/images/aboutus_top_shape.png]
[html.designingmedia.com/yogastic/assets/images/aboutus_bottom_shape.png]
[html.designingmedia.com/yogastic/assets/images/aboutus_line.png]
[html.designingmedia.com/yogastic/assets/images/specialties_left_line.png]
[html.designingmedia.com/yogastic/assets/images/specialties_image.png]
[html.designingmedia.com/yogastic/assets/images/specialties_right_line.png]
[html.designingmedia.com/yogastic/assets/images/our_specialties_right_shape.png]
[html.designingmedia.com/yogastic/assets/images/get_in_touch_video_icon.png]
[html.designingmedia.com/yogastic/assets/images/get_in_touch_shape.png]
[html.designingmedia.com/yogastic/assets/images/pricing_plan_1.png]
[html.designingmedia.com/yogastic/assets/images/pricing_plan_icon_1.png]
[html.designingmedia.com/yogastic/assets/images/pricing_plan_2.png]
[html.designingmedia.com/yogastic/assets/images/pricing_plan_icon_2.png]
[html.designingmedia.com/yogastic/assets/images/pricing_plan_3.png]
[html.designingmedia.com/yogastic/assets/images/pricing_plan_icon_3.png]
[html.designingmedia.com/yogastic/assets/images/testimonial_image.png]
[html.designingmedia.com/yogastic/assets/images/testimonial_left_shape.png]
[html.designingmedia.com/yogastic/assets/images/testimonial_right_shape.png]
[html.designingmedia.com/yogastic/assets/images/blog_posts_1.png]
[html.designingmedia.com/yogastic/assets/images/blog_posts_2.png]
[html.designingmedia.com/yogastic/assets/images/blog_posts_left_shape.png]
[html.designingmedia.com/yogastic/assets/images/blog_posts_right_shape.png]
[html.designingmedia.com/yogastic/assets/images/subscribe_image.png]
[html.designingmedia.com/yogastic/assets/images/footer_logo.png]
[html.designingmedia.com/yogastic/assets/images/footer_shape.png]
[html.designingmedia.com/yogastic/assets/js/jquery-3.6.0.min.js]
[html.designingmedia.com/yogastic/assets/js/popper.min.js]
[html.designingmedia.com/yogastic/assets/js/video-popup.js]
[unpkg.com/aos@2.3.1/dist/aos.js]
[html.designingmedia.com/yogastic/assets/js/video-section.js]
[html.designingmedia.com/yogastic/assets/js/animation.js]
[html.designingmedia.com/yogastic/assets/js/type.js]
[html.designingmedia.com/yogastic/index.html]
[html.designingmedia.com/yogastic/assets/bootstrap/bootstrap.min.css]
[cdnjs.cloudflare.com/ajax/libs/font-awesome/6.1.1/css/all.min.css]
[html.designingmedia.com/yogastic/assets/images/banner_section_background.jpg]
[html.designingmedia.com/yogastic/assets/images/aboutus_background.png]
[html.designingmedia.com/yogastic/assets/images/get_in_touch_image.jpg]
[html.designingmedia.com/yogastic/assets/images/testimonial_background.jpg]
[html.designingmedia.com/yogastic/assets/images/subscribe_background.png]
[html.designingmedia.com/yogastic/assets/images/subbanner_section_background.jpg]
[html.designingmedia.com/yogastic/assets/images/discount_background.jpg]
[html.designingmedia.com/yogastic/assets/css/style.css]
[html.designingmedia.com/yogastic/assets/css/mediaqueries.css]
[html.designingmedia.com/yogastic/assets/images/icon-folder.png]
[html.designingmedia.com/yogastic/assets/css/custom-style.css]
[html.designingmedia.com/yogastic/assets/css/special-classes.css]
[unpkg.com/aos@2.3.1/dist/aos.css]
[cdnjs.cloudflare.com/ajax/libs/magnific-popup.js/1.1.0/magnific-popup.css]
[html.designingmedia.com/yogastic/assets/images/about_page_aboutus_image.png]
[html.designingmedia.com/yogastic/assets/images/our_mission_image.png]
[html.designingmedia.com/yogastic/assets/images/our_mission_shape.png]
[html.designingmedia.com/yogastic/assets/images/our_vision_image.png]
[html.designingmedia.com/yogastic/assets/images/our_vision_shape.png]
[html.designingmedia.com/yogastic/assets/images/achievement_1.png]
[html.designingmedia.com/yogastic/assets/images/achievement_2.png]
[html.designingmedia.com/yogastic/assets/images/achievement_3.png]
[html.designingmedia.com/yogastic/assets/images/achievement_4.png]
[html.designingmedia.com/yogastic/assets/images/achievement_5.png]
[html.designingmedia.com/yogastic/assets/images/achievement_6.png]
[html.designingmedia.com/yogastic/about.html]
[html.designingmedia.com/yogastic/assets/images/servicespage_services_right_shape.png]
[html.designingmedia.com/yogastic/services.html]
[html.designingmedia.com/yogastic/pricing.html]
[html.designingmedia.com/yogastic/assets/images/faq_bar_line.png]
[html.designingmedia.com/yogastic/faq.html]
[html.designingmedia.com/yogastic/assets/images/our_team_1.png]
[html.designingmedia.com/yogastic/assets/images/our_team_2.png]
[html.designingmedia.com/yogastic/assets/images/our_team_3.png]
[html.designingmedia.com/yogastic/assets/images/our_team_4.png]
[html.designingmedia.com/yogastic/assets/images/our_team_5.png]
[html.designingmedia.com/yogastic/assets/images/our_team_6.png]
[html.designingmedia.com/yogastic/assets/images/our_team_7.png]
[html.designingmedia.com/yogastic/assets/images/our_team_8.png]
[html.designingmedia.com/yogastic/team.html]
[html.designingmedia.com/yogastic/assets/images/post-featured.jpg]
[html.designingmedia.com/yogastic/assets/images/review1.jpg]
[html.designingmedia.com/yogastic/assets/images/review2.jpg]
[html.designingmedia.com/yogastic/assets/images/side_post_img01.jpg]
[html.designingmedia.com/yogastic/assets/images/side_post_img02.jpg]
[html.designingmedia.com/yogastic/assets/images/side_post_img03.jpg]
[html.designingmedia.com/yogastic/single-post.html]
[html.designingmedia.com/yogastic/assets/images/standard_post_img01.jpg]
[html.designingmedia.com/yogastic/assets/images/standard_post_img02.jpg]
[html.designingmedia.com/yogastic/assets/images/standard_post_img06.jpg]
[html.designingmedia.com/yogastic/assets/images/standard_post_img04.jpg]
[html.designingmedia.com/yogastic/assets/images/standard_post_img03.jpg]
[html.designingmedia.com/yogastic/assets/images/standard_post_img05.jpg]
[html.designingmedia.com/yogastic/infinite-scroll.html]
[html.designingmedia.com/yogastic/load-more.html]
[html.designingmedia.com/yogastic/assets/images/post-featured2.jpg]
[html.designingmedia.com/yogastic/assets/images/post-featured3.jpg]
[html.designingmedia.com/yogastic/assets/images/post-featured4.jpg]
[html.designingmedia.com/yogastic/one-column.html]
[html.designingmedia.com/yogastic/two-column.html]
[html.designingmedia.com/yogastic/three-column.html]
[html.designingmedia.com/yogastic/three-colum-sidbar.html]
[html.designingmedia.com/yogastic/four-column.html]
[html.designingmedia.com/yogastic/six-column.html]
[html.designingmedia.com/yogastic/assets/images/contact_location.png]
[html.designingmedia.com/yogastic/assets/images/contact_phone.png]
[html.designingmedia.com/yogastic/assets/images/contact_mail.png]
[html.designingmedia.com/yogastic/contact.html]
[html.designingmedia.com/ms-icon-144x144.html]
[html.designingmedia.com/yogastic/horse.html]
[html.designingmedia.com/yogastic/assets/audio/horse.html]
